version https://git-lfs.github.com/spec/v1
oid sha256:ebef0c0ea0de751a7c2aceb19d6fb72e9efbae71400568069398f774127e18ec
size 92184576
